// Jest Snapshot v1, https://goo.gl/fbAQLP

exports[`Renders message list should render a non-empty message list 1`] = `
<List
  celled={true}
>
  <Message
    avatarUrl="http://semantic-ui.com/images/avatar2/small/lena.png"
    name="Lena Dunham"
    text="I refresh Twitter as thoughtlessly as some twirl their hair."
    timestamp="2017-08-01"
  />
  <Message
    avatarUrl="http://semantic-ui.com/images/avatar/large/stevie.jpg"
    name="Stevie Nicks"
    text="I am not a good terrified person."
    timestamp="2017-08-01"
  />
  <Message
    avatarUrl="http://semantic-ui.com/images/avatar2/small/matthew.png"
    name="Matthew McConaughey"
    text="There ain't nothin' more dangerous in this world than a fool with a cause..."
    timestamp="2017-08-01"
  />
  <Message
    avatarUrl="http://semantic-ui.com/images/avatar2/small/rachel.png"
    name="Rachel Brosnahan"
    text="I was under the false impression that I could sing in high school, so I did a lot of musical stuff."
    timestamp="2017-08-01"
  />
  <Message
    avatarUrl="http://semantic-ui.com/images/avatar/large/jenny.jpg"
    name="Jennifer Lawrence"
    text="I volunteer! - I gasp. I volunteer as tribute!"
    timestamp="2017-08-01"
  />
  <Message
    avatarUrl="http://semantic-ui.com/images/avatar/large/justen.jpg"
    name="Justin Timberlake"
    text="I got sunshine in my pocket."
    timestamp="2017-08-01"
  />
</List>
`;

exports[`Renders message list should render an empty message list 1`] = `
<List
  celled={true}
>
  <Message
    avatarUrl="http://semantic-ui.com/images/avatar2/small/lena.png"
    name="Lena Dunham"
    text="I refresh Twitter as thoughtlessly as some twirl their hair."
    timestamp="2017-08-01"
  />
  <Message
    avatarUrl="http://semantic-ui.com/images/avatar/large/stevie.jpg"
    name="Stevie Nicks"
    text="I am not a good terrified person."
    timestamp="2017-08-01"
  />
  <Message
    avatarUrl="http://semantic-ui.com/images/avatar2/small/matthew.png"
    name="Matthew McConaughey"
    text="There ain't nothin' more dangerous in this world than a fool with a cause..."
    timestamp="2017-08-01"
  />
  <Message
    avatarUrl="http://semantic-ui.com/images/avatar2/small/rachel.png"
    name="Rachel Brosnahan"
    text="I was under the false impression that I could sing in high school, so I did a lot of musical stuff."
    timestamp="2017-08-01"
  />
  <Message
    avatarUrl="http://semantic-ui.com/images/avatar/large/jenny.jpg"
    name="Jennifer Lawrence"
    text="I volunteer! - I gasp. I volunteer as tribute!"
    timestamp="2017-08-01"
  />
  <Message
    avatarUrl="http://semantic-ui.com/images/avatar/large/justen.jpg"
    name="Justin Timberlake"
    text="I got sunshine in my pocket."
    timestamp="2017-08-01"
  />
</List>
`;
