// Jest Snapshot v1, https://goo.gl/fbAQLP

exports[`Renders message with default props should render a message when given props 1`] = `
<ListItem
  className="listItem"
>
  <Image
    as="img"
    avatar={true}
    src="img.png"
    ui={true}
  />
  <ListContent>
    <ListHeader>
      <span
        className="message-author"
      >
        John Appleseed
      </span>
      <span
        className="message-timestamp"
      >
        	Tuesday, August 1, 2017 3:20 PM
      </span>
      <ListDescription
        className="message-text"
      >
        Hello there
      </ListDescription>
    </ListHeader>
  </ListContent>
</ListItem>
`;
