// Jest Snapshot v1, https://goo.gl/fbAQLP

exports[`Renders message list should render an empty message list 1`] = `
<List
  celled={true}
>
  <ListItem
    className="listItem"
  >
    <Image
      as="img"
      avatar={true}
      src="http://semantic-ui.com/images/avatar2/small/lena.png"
      ui={true}
    />
    <ListContent>
      <ListHeader>
         Lena Dunham
      </ListHeader>
      <ListDescription>
        I refresh Twitter as thoughtlessly as some twirl their hair.
      </ListDescription>
    </ListContent>
  </ListItem>
  <ListItem
    className="listItem"
  >
    <Image
      as="img"
      avatar={true}
      src="http://semantic-ui.com/images/avatar2/small/matthew.png"
      ui={true}
    />
    <ListContent>
      <ListHeader>
        Matthew McConaughey
      </ListHeader>
      <ListDescription>
        There ain't nothin' more dangerous in this world
                    than a fool with a cause...
      </ListDescription>
    </ListContent>
  </ListItem>
  <ListItem
    className="listItem"
  >
    <Image
      as="img"
      avatar={true}
      src="http://semantic-ui.com/images/avatar2/small/rachel.png"
      ui={true}
    />
    <ListContent>
      <ListHeader>
         Rachel Brosnahan
      </ListHeader>
      <ListDescription>
        I was under the false impression that I could sing in high school, so I did a lot of musical stuff.
      </ListDescription>
    </ListContent>
  </ListItem>
  <ListItem
    className="listItem"
  >
    <Image
      as="img"
      avatar={true}
      src="http://semantic-ui.com/images/avatar/large/jenny.jpg"
      ui={true}
    />
    <ListContent>
      <ListHeader>
        Jennifer Lawrence
      </ListHeader>
      <ListDescription>
        I volunteer! - I gasp. I volunteer as tribute!
      </ListDescription>
    </ListContent>
  </ListItem>
  <ListItem
    className="listItem"
  >
    <Image
      as="img"
      avatar={true}
      src="http://semantic-ui.com/images/avatar/large/stevie.jpg"
      ui={true}
    />
    <ListContent>
      <ListHeader>
        Stevie Nicks
      </ListHeader>
      <ListDescription>
        I am not a good terrified person.
      </ListDescription>
    </ListContent>
  </ListItem>
  <ListItem
    className="listItem"
  >
    <Image
      as="img"
      avatar={true}
      src="http://semantic-ui.com/images/avatar/large/justen.jpg"
      ui={true}
    />
    <ListContent>
      <ListHeader>
        Justin Timberlake
      </ListHeader>
      <ListDescription>
        I got sunshine in my pocket.
      </ListDescription>
    </ListContent>
  </ListItem>
</List>
`;
