// Jest Snapshot v1, https://goo.gl/fbAQLP

exports[`Renders toolbar should render a toolbar 1`] = `
<Menu
  className="ui undefined inverted menu"
  size="small"
>
  <MenuItem
    className="ui button"
  >
    <Image
      as="img"
      avatar={true}
      src="Slack_Icon.png"
      ui={true}
    />
  </MenuItem>
  <Dropdown
    additionLabel="Add "
    additionPosition="top"
    closeOnBlur={true}
    icon="dropdown"
    item={true}
    minCharacters={1}
    noResultsMessage="No results found."
    openOnFocus={true}
    renderLabel={[Function]}
    searchInput="text"
    selectOnBlur={true}
    text="Channel name"
  >
    <DropdownMenu>
      <DropdownItem>
        Team 1
      </DropdownItem>
      <DropdownItem>
        Team 2
      </DropdownItem>
      <DropdownItem>
        Team 3
      </DropdownItem>
    </DropdownMenu>
  </Dropdown>
  <MenuMenu
    position="right"
  >
    <MenuItem
      className="ui button"
    >
      <Image
        as="img"
        avatar={true}
        src="smile.jpg"
        ui={true}
      />
    </MenuItem>
  </MenuMenu>
</Menu>
`;
